2026-03-11 19:42:15 - INFO - Loading the trained model for final evaluation of yolov8n...
2026-03-11 19:42:15 - INFO - Evaluating on the TEST dataset...
2026-03-11 19:42:21 - INFO - --- FINAL REAL-WORLD SCORES ---
2026-03-11 19:42:21 - INFO - mAP50 (Detection accuracy): 0.6433
2026-03-11 19:42:21 - INFO - mAP50-95 (Localization accuracy): 0.2846
